// Jest Snapshot v1, https://goo.gl/fbAQLP

exports[`Button tests renders correctly 1`] = `"<button type=\\"button\\" className=\\"btn btn-primary\\" onClick={[Function: mockConstructor]} />"`;
