// Jest Snapshot v1, https://goo.gl/fbAQLP

exports[`Carousel tests renders correctly 1`] = `
"<div id=\\"carouselExampleControls\\" className=\\"carousel slide prettyCarousel\\" data-ride=\\"carousel\\">
  <div className=\\"carousel-inner\\" />
  <a className=\\"carousel-control-prev\\" href=\\"#carouselExampleControls\\" role=\\"button\\" data-slide=\\"prev\\">
    <span className=\\"carousel-control-prev-icon\\" aria-hidden=\\"true\\" />
    <span className=\\"sr-only\\">
      Previous
    </span>
  </a>
  <a className=\\"carousel-control-next\\" href=\\"#carouselExampleControls\\" role=\\"button\\" data-slide=\\"next\\">
    <span className=\\"carousel-control-next-icon\\" aria-hidden=\\"true\\" />
    <span className=\\"sr-only\\">
      Next
    </span>
  </a>
</div>"
`;
