// Jest Snapshot v1, https://goo.gl/fbAQLP

exports[`Confirm box tests renders correctly 1`] = `
"<div className=\\"modal fade\\" id={1} tabIndex=\\"-1\\" role=\\"dialog\\" aria-labelledby=\\"exampleModalLabel\\" aria-hidden=\\"true\\">
  <div className=\\"modal-dialog\\" role=\\"document\\">
    <div className=\\"modal-content\\">
      <div className=\\"modal-header\\">
        <h5 className=\\"modal-title\\" id=\\"exampleModalLabel\\">
          test
        </h5>
        <button type=\\"button\\" className=\\"close\\" data-dismiss=\\"modal\\" aria-label=\\"Close\\">
          <span aria-hidden=\\"true\\">
            Ã—
          </span>
        </button>
      </div>
      <div className=\\"modal-body\\">
        test
      </div>
      <div className=\\"modal-footer\\">
        <button type=\\"button\\" className=\\"btn btn-secondary\\" data-dismiss=\\"modal\\">
          No
        </button>
        <button type=\\"button\\" className=\\"btn btn-primary\\" data-dismiss=\\"modal\\" onClick={[Function: mockConstructor]}>
          Yes
        </button>
      </div>
    </div>
  </div>
</div>"
`;
